<html>
<body>
<pre>
<h1>礦ision Build Log</h1>
<h2>Tool Versions:</h2>
IDE-Version: μVision V5.14.0.0
Copyright (C) 2015 ARM Ltd and ARM Germany GmbH. All rights reserved.
License Information: 123 123, 123123, LIC=7YKY8-3TRIG-C2DL6-DKBE9-9XMR1-Z8UPK
 
Tool Versions:
Toolchain:       MDK-ARM Professional  Version: 5.14.0.0
Toolchain Path:  F:\Keil_v5\ARM\ARMCC\Bin
C Compiler:      Armcc.exe V5.05 update 1 (build 106)
Assembler:       Armasm.exe V5.05 update 1 (build 106)
Linker/Locator:  ArmLink.exe V5.05 update 1 (build 106)
Library Manager: ArmAr.exe V5.05 update 1 (build 106)
Hex Converter:   FromElf.exe V5.05 update 1 (build 106)
CPU DLL:         SARMCM3.DLL V5.14.0.0
Dialog DLL:      DCM.DLL V1.13.1.0
Target DLL:      STLink\ST-LINKIII-KEIL_SWO.dll V2.0.14.0_KEIL
Dialog DLL:      TCM.DLL V1.14.4.0
 
<h2>Project:</h2>
C:\Users\linucys\Desktop\嵌入式风扇\code\USER\LCD.uvprojx
Project File Date:  06/03/2019

<h2>Output:</h2>
Build target 'LCD'
compiling main.c...
main.c(25): warning:  #177-D: variable "key" was declared but never referenced
        u8 key = 0;
main.c(26): warning:  #177-D: variable "tbuf" was declared but never referenced
        u8 tbuf[40];
main.c(27): warning:  #177-D: variable "RTC_TimeStruct" was declared but never referenced
        RTC_TimeTypeDef RTC_TimeStruct;
main.c: 3 warnings, 0 errors
compiling MyGui.c...
..\EMWIN\MyGui\MyGui.c(225): warning:  #550-D: variable "hWin" was set but never used
        WM_HWIN hWin;
..\EMWIN\MyGui\MyGui.c: 1 warning, 0 errors
linking...
Program Size: Code=115372 RO-data=23776 RW-data=1492 ZI-data=1057908  
FromELF: creating hex file...
"..\OBJ\LCD.axf" - 0 Error(s), 4 Warning(s).

<h2>Collection of Component include folders:</h2>
  C:\Users\linucys\Desktop\嵌入式风扇\code\USER\RTE
  F:\Keil_v5\ARM\PACK\Keil\STM32F4xx_DFP\1.0.8\Device\Include

<h2>Collection of Component Files used:</h2>
</pre>
</body>
</html>
